// Jest Snapshot v1, https://goo.gl/fbAQLP

exports[`<ChangePassword /> should render correctly 1`] = `
<div>
  <div
    class="container"
  >
    <h2>
      Change Password
    </h2>
    <form
      class=""
    >
      <div>
        <label
          class="form-label"
          for="oldPassword"
        >
          Old Password
        </label>
        <input
          class="form-control"
          id="oldPassword"
          name="oldPassword"
          type="password"
          value=""
        />
        <div
          class="invalid-feedback"
        />
      </div>
      <div>
        <label
          class="form-label"
          for="newPassword"
        >
          New Password
        </label>
        <input
          class="form-control"
          id="newPassword"
          name="newPassword"
          type="password"
          value=""
        />
        <div
          class="invalid-feedback"
        />
      </div>
      <div>
        <label
          class="form-label"
          for="confirmNewPassword"
        >
          Confirm New Password
        </label>
        <input
          class="form-control"
          id="confirmNewPassword"
          name="confirmNewPassword"
          type="password"
          value=""
        />
        <div
          class="invalid-feedback"
        />
      </div>
      <button
        class="btn btn-primary"
        type="submit"
      >
        Change Password
      </button>
    </form>
  </div>
</div>
`;
