// Jest Snapshot v1, https://goo.gl/fbAQLP

exports[`IdeaCard Component should render correctly 1`] = `
<div
  className="mb-3 card"
>
  <div
    className="card-header"
  >
    Test Idea
    <span
      style={
        Object {
          "float": "right",
        }
      }
    >
       
      <svg
        fill="currentColor"
        height="1em"
        onClick={[Function]}
        stroke="currentColor"
        strokeWidth="0"
        style={
          Object {
            "color": undefined,
            "cursor": "pointer",
            "marginRight": "5px",
          }
        }
        viewBox="0 0 24 24"
        width="1em"
        xmlns="http://www.w3.org/2000/svg"
      >
        <path
          d="M0 0h24v24H0z"
          fill="none"
        />
        <path
          d="M3 17.25V21h3.75L17.81 9.94l-3.75-3.75L3 17.25zM20.71 7.04a.996.996 0 000-1.41l-2.34-2.34a.996.996 0 00-1.41 0l-1.83 1.83 3.75 3.75 1.83-1.83z"
        />
      </svg>
      <svg
        data-testid="delete-icon"
        fill="currentColor"
        height="1em"
        onClick={[Function]}
        stroke="currentColor"
        strokeWidth="0"
        style={
          Object {
            "color": "black",
            "cursor": "pointer",
          }
        }
        viewBox="0 0 24 24"
        width="1em"
        xmlns="http://www.w3.org/2000/svg"
      >
        <path
          d="M0 0h24v24H0z"
          fill="none"
        />
        <path
          d="M6 19c0 1.1.9 2 2 2h8c1.1 0 2-.9 2-2V7H6v12zM19 4h-3.5l-1-1h-5l-1 1H5v2h14V4z"
        />
      </svg>
    </span>
  </div>
  <div
    className="card-body"
  >
    <p
      className="card-text"
      dangerouslySetInnerHTML={
        Object {
          "__html": "<p>Test Description</p>",
        }
      }
    />
  </div>
</div>
`;
